Archive member included to satisfy reference by file (symbol)

e:/stm32cubeide_1.10.1/stm32cubeide/plugins/com.st.stm32cube.ide.mcu.externaltools.gnu-tools-for-stm32.10.3-2021.10.win32_1.0.0.202111181127/tools/bin/../lib/gcc/arm-none-eabi/10.3.1/../../../../arm-none-eabi/lib/thumb/v6-m/nofp\libc_nano.a(lib_a-errno.o)
                              ./Core/Src/syscalls.o (__errno)
e:/stm32cubeide_1.10.1/stm32cubeide/plugins/com.st.stm32cube.ide.mcu.externaltools.gnu-tools-for-stm32.10.3-2021.10.win32_1.0.0.202111181127/tools/bin/../lib/gcc/arm-none-eabi/10.3.1/../../../../arm-none-eabi/lib/thumb/v6-m/nofp\libc_nano.a(lib_a-exit.o)
                              e:/stm32cubeide_1.10.1/stm32cubeide/plugins/com.st.stm32cube.ide.mcu.externaltools.gnu-tools-for-stm32.10.3-2021.10.win32_1.0.0.202111181127/tools/bin/../lib/gcc/arm-none-eabi/10.3.1/../../../../arm-none-eabi/lib/thumb/v6-m/nofp/crt0.o (exit)
e:/stm32cubeide_1.10.1/stm32cubeide/plugins/com.st.stm32cube.ide.mcu.externaltools.gnu-tools-for-stm32.10.3-2021.10.win32_1.0.0.202111181127/tools/bin/../lib/gcc/arm-none-eabi/10.3.1/../../../../arm-none-eabi/lib/thumb/v6-m/nofp\libc_nano.a(lib_a-impure.o)
                              e:/stm32cubeide_1.10.1/stm32cubeide/plugins/com.st.stm32cube.ide.mcu.externaltools.gnu-tools-for-stm32.10.3-2021.10.win32_1.0.0.202111181127/tools/bin/../lib/gcc/arm-none-eabi/10.3.1/../../../../arm-none-eabi/lib/thumb/v6-m/nofp\libc_nano.a(lib_a-exit.o) (_global_impure_ptr)
e:/stm32cubeide_1.10.1/stm32cubeide/plugins/com.st.stm32cube.ide.mcu.externaltools.gnu-tools-for-stm32.10.3-2021.10.win32_1.0.0.202111181127/tools/bin/../lib/gcc/arm-none-eabi/10.3.1/../../../../arm-none-eabi/lib/thumb/v6-m/nofp\libc_nano.a(lib_a-init.o)
                              e:/stm32cubeide_1.10.1/stm32cubeide/plugins/com.st.stm32cube.ide.mcu.externaltools.gnu-tools-for-stm32.10.3-2021.10.win32_1.0.0.202111181127/tools/bin/../lib/gcc/arm-none-eabi/10.3.1/../../../../arm-none-eabi/lib/thumb/v6-m/nofp/crt0.o (__libc_init_array)
e:/stm32cubeide_1.10.1/stm32cubeide/plugins/com.st.stm32cube.ide.mcu.externaltools.gnu-tools-for-stm32.10.3-2021.10.win32_1.0.0.202111181127/tools/bin/../lib/gcc/arm-none-eabi/10.3.1/../../../../arm-none-eabi/lib/thumb/v6-m/nofp\libc_nano.a(lib_a-memset.o)
                              e:/stm32cubeide_1.10.1/stm32cubeide/plugins/com.st.stm32cube.ide.mcu.externaltools.gnu-tools-for-stm32.10.3-2021.10.win32_1.0.0.202111181127/tools/bin/../lib/gcc/arm-none-eabi/10.3.1/../../../../arm-none-eabi/lib/thumb/v6-m/nofp/crt0.o (memset)
e:/stm32cubeide_1.10.1/stm32cubeide/plugins/com.st.stm32cube.ide.mcu.externaltools.gnu-tools-for-stm32.10.3-2021.10.win32_1.0.0.202111181127/tools/bin/../lib/gcc/arm-none-eabi/10.3.1/thumb/v6-m/nofp\libgcc.a(_udivsi3.o)
                              ./Core/Src/system_stm32l0xx.o (__aeabi_uidiv)
e:/stm32cubeide_1.10.1/stm32cubeide/plugins/com.st.stm32cube.ide.mcu.externaltools.gnu-tools-for-stm32.10.3-2021.10.win32_1.0.0.202111181127/tools/bin/../lib/gcc/arm-none-eabi/10.3.1/thumb/v6-m/nofp\libgcc.a(_divsi3.o)
                              ./Core/Src/LoRa.o (__aeabi_idiv)
e:/stm32cubeide_1.10.1/stm32cubeide/plugins/com.st.stm32cube.ide.mcu.externaltools.gnu-tools-for-stm32.10.3-2021.10.win32_1.0.0.202111181127/tools/bin/../lib/gcc/arm-none-eabi/10.3.1/thumb/v6-m/nofp\libgcc.a(_dvmd_tls.o)
                              e:/stm32cubeide_1.10.1/stm32cubeide/plugins/com.st.stm32cube.ide.mcu.externaltools.gnu-tools-for-stm32.10.3-2021.10.win32_1.0.0.202111181127/tools/bin/../lib/gcc/arm-none-eabi/10.3.1/thumb/v6-m/nofp\libgcc.a(_udivsi3.o) (__aeabi_idiv0)
e:/stm32cubeide_1.10.1/stm32cubeide/plugins/com.st.stm32cube.ide.mcu.externaltools.gnu-tools-for-stm32.10.3-2021.10.win32_1.0.0.202111181127/tools/bin/../lib/gcc/arm-none-eabi/10.3.1/thumb/v6-m/nofp\libgcc.a(_aeabi_uldivmod.o)
                              ./Drivers/STM32L0xx_HAL_Driver/Src/stm32l0xx_hal_rcc.o (__aeabi_uldivmod)
e:/stm32cubeide_1.10.1/stm32cubeide/plugins/com.st.stm32cube.ide.mcu.externaltools.gnu-tools-for-stm32.10.3-2021.10.win32_1.0.0.202111181127/tools/bin/../lib/gcc/arm-none-eabi/10.3.1/thumb/v6-m/nofp\libgcc.a(_muldi3.o)
                              ./Drivers/STM32L0xx_HAL_Driver/Src/stm32l0xx_hal_rcc.o (__aeabi_lmul)
e:/stm32cubeide_1.10.1/stm32cubeide/plugins/com.st.stm32cube.ide.mcu.externaltools.gnu-tools-for-stm32.10.3-2021.10.win32_1.0.0.202111181127/tools/bin/../lib/gcc/arm-none-eabi/10.3.1/thumb/v6-m/nofp\libgcc.a(_udivmoddi4.o)
                              e:/stm32cubeide_1.10.1/stm32cubeide/plugins/com.st.stm32cube.ide.mcu.externaltools.gnu-tools-for-stm32.10.3-2021.10.win32_1.0.0.202111181127/tools/bin/../lib/gcc/arm-none-eabi/10.3.1/thumb/v6-m/nofp\libgcc.a(_aeabi_uldivmod.o) (__udivmoddi4)
e:/stm32cubeide_1.10.1/stm32cubeide/plugins/com.st.stm32cube.ide.mcu.externaltools.gnu-tools-for-stm32.10.3-2021.10.win32_1.0.0.202111181127/tools/bin/../lib/gcc/arm-none-eabi/10.3.1/thumb/v6-m/nofp\libgcc.a(_clzdi2.o)
[...]
Memory Configuration

Name             Origin             Length             Attributes
RAM              0x0000000020000000 0x0000000000005000 xrw
FLASH            0x0000000008000000 0x0000000000030000 xr
*default*        0x0000000000000000 0xffffffffffffffff

Linker script and memory map

LOAD e:/stm32cubeide_1.10.1/stm32cubeide/plugins/com.st.stm32cube.ide.mcu.externaltools.gnu-tools-for-stm32.10.3-2021.10.win32_1.0.0.202111181127/tools/bin/../lib/gcc/arm-none-eabi/10.3.1/thumb/v6-m/nofp/crti.o
LOAD e:/stm32cubeide_1.10.1/stm32cubeide/plugins/com.st.stm32cube.ide.mcu.externaltools.gnu-tools-for-stm32.10.3-2021.10.win32_1.0.0.202111181127/tools/bin/../lib/gcc/arm-none-eabi/10.3.1/thumb/v6-m/nofp/crtbegin.o
LOAD e:/stm32cubeide_1.10.1/stm32cubeide/plugins/com.st.stm32cube.ide.mcu.externaltools.gnu-tools-for-stm32.10.3-2021.10.win32_1.0.0.202111181127/tools/bin/../lib/gcc/arm-none-eabi/10.3.1/../../../../arm-none-eabi/lib/thumb/v6-m/nofp/crt0.o
LOAD ./Core/Src/LoRa.o
LOAD ./Core/Src/main.o
LOAD ./Core/Src/stm32l0xx_hal_msp.o
LOAD ./Core/Src/stm32l0xx_hal_uart.o
LOAD ./Core/Src/stm32l0xx_hal_uart_ex.o
LOAD ./Core/Src/stm32l0xx_it.o
LOAD ./Core/Src/syscalls.o
LOAD ./Core/Src/sysmem.o
LOAD ./Core/Src/system_stm32l0xx.o
LOAD ./Core/Startup/startup_stm32l073rztx.o
LOAD ./Drivers/STM32L0xx_HAL_Driver/Src/stm32l0xx_hal.o
LOAD ./Drivers/STM32L0xx_HAL_Driver/Src/stm32l0xx_hal_cortex.o
LOAD ./Drivers/STM32L0xx_HAL_Driver/Src/stm32l0xx_hal_dma.o
LOAD ./Drivers/STM32L0xx_HAL_Driver/Src/stm32l0xx_hal_exti.o
LOAD ./Drivers/STM32L0xx_HAL_Driver/Src/stm32l0xx_hal_flash.o
LOAD ./Drivers/STM32L0xx_HAL_Driver/Src/stm32l0xx_hal_flash_ex.o
LOAD ./Drivers/STM32L0xx_HAL_Driver/Src/stm32l0xx_hal_flash_ramfunc.o
LOAD ./Drivers/STM32L0xx_HAL_Driver/Src/stm32l0xx_hal_gpio.o
LOAD ./Drivers/STM32L0xx_HAL_Driver/Src/stm32l0xx_hal_i2c.o
LOAD ./Drivers/STM32L0xx_HAL_Driver/Src/stm32l0xx_hal_i2c_ex.o
LOAD ./Drivers/STM32L0xx_HAL_Driver/Src/stm32l0xx_hal_pwr.o
LOAD ./Drivers/STM32L0xx_HAL_Driver/Src/stm32l0xx_hal_pwr_ex.o
LOAD ./Drivers/STM32L0xx_HAL_Driver/Src/stm32l0xx_hal_rcc.o
LOAD ./Drivers/STM32L0xx_HAL_Driver/Src/stm32l0xx_hal_rcc_ex.o
LOAD ./Drivers/STM32L0xx_HAL_Driver/Src/stm32l0xx_hal_spi.o
LOAD ./Drivers/STM32L0xx_HAL_Driver/Src/stm32l0xx_hal_tim.o
LOAD ./Drivers/STM32L0xx_HAL_Driver/Src/stm32l0xx_hal_tim_ex.o
LOAD ./Drivers/STM32L0xx_HAL_Driver/Src/stm32l0xx_hal_uart.o
LOAD ./Drivers/STM32L0xx_HAL_Driver/Src/stm32l0xx_hal_uart_ex.o
START GROUP
LOAD e:/stm32cubeide_1.10.1/stm32cubeide/plugins/com.st.stm32cube.ide.mcu.externaltools.gnu-tools-for-stm32.10.3-2021.10.win32_1.0.0.202111181127/tools/bin/../lib/gcc/arm-none-eabi/10.3.1/../../../../arm-none-eabi/lib/thumb/v6-m/nofp\libstdc++_nano.a
LOAD e:/stm32cubeide_1.10.1/stm32cubeide/plugins/com.st.stm32cube.ide.mcu.externaltools.gnu-tools-for-stm32.10.3-2021.10.win32_1.0.0.202111181127/tools/bin/../lib/gcc/arm-none-eabi/10.3.1/../../../../arm-none-eabi/lib/thumb/v6-m/nofp\libsupc++_nano.a
END GROUP
LOAD e:/stm32cubeide_1.10.1/stm32cubeide/plugins/com.st.stm32cube.ide.mcu.externaltools.gnu-tools-for-stm32.10.3-2021.10.win32_1.0.0.202111181127/tools/bin/../lib/gcc/arm-none-eabi/10.3.1/../../../../arm-none-eabi/lib/thumb/v6-m/nofp\libstdc++_nano.a
LOAD e:/stm32cubeide_1.10.1/stm32cubeide/plugins/com.st.stm32cube.ide.mcu.externaltools.gnu-tools-for-stm32.10.3-2021.10.win32_1.0.0.202111181127/tools/bin/../lib/gcc/arm-none-eabi/10.3.1/../../../../arm-none-eabi/lib/thumb/v6-m/nofp\libm.a
LOAD e:/stm32cubeide_1.10.1/stm32cubeide/plugins/com.st.stm32cube.ide.mcu.externaltools.gnu-tools-for-stm32.10.3-2021.10.win32_1.0.0.202111181127/tools/bin/../lib/gcc/arm-none-eabi/10.3.1/../../../../arm-none-eabi/lib/thumb/v6-m/nofp\libc_nano.a
START GROUP
LOAD e:/stm32cubeide_1.10.1/stm32cubeide/plugins/com.st.stm32cube.ide.mcu.externaltools.gnu-tools-for-stm32.10.3-2021.10.win32_1.0.0.202111181127/tools/bin/../lib/gcc/arm-none-eabi/10.3.1/thumb/v6-m/nofp\libgcc.a
LOAD e:/stm32cubeide_1.10.1/stm32cubeide/plugins/com.st.stm32cube.ide.mcu.externaltools.gnu-tools-for-stm32.10.3-2021.10.win32_1.0.0.202111181127/tools/bin/../lib/gcc/arm-none-eabi/10.3.1/../../../../arm-none-eabi/lib/thumb/v6-m/nofp\libc_nano.a
END GROUP
START GROUP
LOAD e:/stm32cubeide_1.10.1/stm32cubeide/plugins/com.st.stm32cube.ide.mcu.externaltools.gnu-tools-for-stm32.10.3-2021.10.win32_1.0.0.202111181127/tools/bin/../lib/gcc/arm-none-eabi/10.3.1/thumb/v6-m/nofp\libgcc.a
LOAD e:/stm32cubeide_1.10.1/stm32cubeide/plugins/com.st.stm32cube.ide.mcu.externaltools.gnu-tools-for-stm32.10.3-2021.10.win32_1.0.0.202111181127/tools/bin/../lib/gcc/arm-none-eabi/10.3.1/../../../../arm-none-eabi/lib/thumb/v6-m/nofp\libc_nano.a
LOAD e:/stm32cubeide_1.10.1/stm32cubeide/plugins/com.st.stm32cube.ide.mcu.externaltools.gnu-tools-for-stm32.10.3-2021.10.win32_1.0.0.202111181127/tools/bin/../lib/gcc/arm-none-eabi/10.3.1/../../../../arm-none-eabi/lib/thumb/v6-m/nofp\libnosys.a
END GROUP
START GROUP
LOAD e:/stm32cubeide_1.10.1/stm32cubeide/plugins/com.st.stm32cube.ide.mcu.externaltools.gnu-tools-for-stm32.10.3-2021.10.win32_1.0.0.202111181127/tools/bin/../lib/gcc/arm-none-eabi/10.3.1/thumb/v6-m/nofp\libgcc.a
LOAD e:/stm32cubeide_1.10.1/stm32cubeide/plugins/com.st.stm32cube.ide.mcu.externaltools.gnu-tools-for-stm32.10.3-2021.10.win32_1.0.0.202111181127/tools/bin/../lib/gcc/arm-none-eabi/10.3.1/../../../../arm-none-eabi/lib/thumb/v6-m/nofp\libc_nano.a
LOAD e:/stm32cubeide_1.10.1/stm32cubeide/plugins/com.st.stm32cube.ide.mcu.externaltools.gnu-tools-for-stm32.10.3-2021.10.win32_1.0.0.202111181127/tools/bin/../lib/gcc/arm-none-eabi/10.3.1/../../../../arm-none-eabi/lib/thumb/v6-m/nofp\libnosys.a
END GROUP
LOAD e:/stm32cubeide_1.10.1/stm32cubeide/plugins/com.st.stm32cube.ide.mcu.externaltools.gnu-tools-for-stm32.10.3-2021.10.win32_1.0.0.202111181127/tools/bin/../lib/gcc/arm-none-eabi/10.3.1/thumb/v6-m/nofp/crtend.o
LOAD e:/stm32cubeide_1.10.1/stm32cubeide/plugins/com.st.stm32cube.ide.mcu.externaltools.gnu-tools-for-stm32.10.3-2021.10.win32_1.0.0.202111181127/tools/bin/../lib/gcc/arm-none-eabi/10.3.1/thumb/v6-m/nofp/crtn.o
                0x0000000020005000                _estack = (ORIGIN (RAM) + LENGTH (RAM))
                0x0000000000000200                _Min_Heap_Size = 0x200
                0x0000000000000400                _Min_Stack_Size = 0x400

.isr_vector     0x0000000008000000       0xc0
                0x0000000008000000                . = ALIGN (0x4)
 *(.isr_vector)
 .isr_vector    0x0000000008000000       0xc0 ./Core/Startup/startup_stm32l073rztx.o
                0x0000000008000000                g_pfnVectors
                0x00000000080000c0                . = ALIGN (0x4)

.text           0x00000000080000c0     0x2fd4
                0x00000000080000c0                . = ALIGN (0x4)
 *(.text)
 .text          0x00000000080000c0       0x48 e:/stm32cubeide_1.10.1/stm32cubeide/plugins/com.st.stm32cube.ide.mcu.externaltools.gnu-tools-for-stm32.10.3-2021.10.win32_1.0.0.202111181127/tools/bin/../lib/gcc/arm-none-eabi/10.3.1/thumb/v6-m/nofp/crtbegin.o
 .text          0x0000000008000108      0x114 e:/stm32cubeide_1.10.1/stm32cubeide/plugins/com.st.stm32cube.ide.mcu.externaltools.gnu-tools-for-stm32.10.3-2021.10.win32_1.0.0.202111181127/tools/bin/../lib/gcc/arm-none-eabi/10.3.1/thumb/v6-m/nofp\libgcc.a(_udivsi3.o)
                0x0000000008000108                __aeabi_uidiv
                0x0000000008000108                __udivsi3
                0x0000000008000214                __aeabi_uidivmod
 .text          0x000000000800021c      0x1d4 e:/stm32cubeide_1.10.1/stm32cubeide/plugins/com.st.stm32cube.ide.mcu.externaltools.gnu-tools-for-stm32.10.3-2021.10.win32_1.0.0.202111181127/tools/bin/../lib/gcc/arm-none-eabi/10.3.1/thumb/v6-m/nofp\libgcc.a(_divsi3.o)
                0x000000000800021c                __divsi3
                0x000000000800021c                __aeabi_idiv
                0x00000000080003e8                __aeabi_idivmod
 .text          0x00000000080003f0        0x4 e:/stm32cubeide_1.10.1/stm32cubeide/plugins/com.st.stm32cube.ide.mcu.externaltools.gnu-tools-for-stm32.10.3-2021.10.win32_1.0.0.202111181127/tools/bin/../lib/gcc/arm-none-eabi/10.3.1/thumb/v6-m/nofp\libgcc.a(_dvmd_tls.o)
                0x00000000080003f0                __aeabi_idiv0
                0x00000000080003f0                __aeabi_ldiv0
 .text          0x00000000080003f4       0x40 e:/stm32cubeide_1.10.1/stm32cubeide/plugins/com.st.stm32cube.ide.mcu.externaltools.gnu-tools-for-stm32.10.3-2021.10.win32_1.0.0.202111181127/tools/bin/../lib/gcc/arm-none-eabi/10.3.1/thumb/v6-m/nofp\libgcc.a(_aeabi_uldivmod.o)
                0x00000000080003f4                __aeabi_uldivmod
 .text          0x0000000008000434       0x5c e:/stm32cubeide_1.10.1/stm32cubeide/plugins/com.st.stm32cube.ide.mcu.externaltools.gnu-tools-for-stm32.10.3-2021.10.win32_1.0.0.202111181127/tools/bin/../lib/gcc/arm-none-eabi/10.3.1/thumb/v6-m/nofp\libgcc.a(_muldi3.o)
                0x0000000008000434                __muldi3
                0x0000000008000434                __aeabi_lmul
 .text          0x0000000008000490      0x198 e:/stm32cubeide_1.10.1/stm32cubeide/plugins/com.st.stm32cube.ide.mcu.externaltools.gnu-tools-for-stm32.10.3-2021.10.win32_1.0.0.202111181127/tools/bin/../lib/gcc/arm-none-eabi/10.3.1/thumb/v6-m/nofp\libgcc.a(_udivmoddi4.o)
                0x0000000008000490                __udivmoddi4
 .text          0x0000000008000628       0x18 e:/stm32cubeide_1.10.1/stm32cubeide/plugins/com.st.stm32cube.ide.mcu.externaltools.gnu-tools-for-stm32.10.3-2021.10.win32_1.0.0.202111181127/tools/bin/../lib/gcc/arm-none-eabi/10.3.1/thumb/v6-m/nofp\libgcc.a(_clzdi2.o)
                0x0000000008000628                __clzdi2
 .text          0x0000000008000640       0x3c e:/stm32cubeide_1.10.1/stm32cubeide/plugins/com.st.stm32cube.ide.mcu.externaltools.gnu-tools-for-stm32.10.3-2021.10.win32_1.0.0.202111181127/tools/bin/../lib/gcc/arm-none-eabi/10.3.1/thumb/v6-m/nofp\libgcc.a(_clzsi2.o)
                0x0000000008000640                __clzsi2
 *(.text*)
 .text.newLoRa  0x000000000800067c       0x5e ./Core/Src/LoRa.o
                0x000000000800067c                newLoRa
 .text.LoRa_reset
                0x00000000080006da       0x3c ./Core/Src/LoRa.o
                0x00000000080006da                LoRa_reset
 .text.LoRa_gotoMode
                0x0000000008000716       0xf8 ./Core/Src/LoRa.o
                0x0000000008000716                LoRa_gotoMode
 .text.LoRa_readReg
                0x000000000800080e       0x86 ./Core/Src/LoRa.o
                0x000000000800080e                LoRa_readReg
 .text.LoRa_writeReg
                0x0000000008000894       0x86 ./Core/Src/LoRa.o
                0x0000000008000894                LoRa_writeReg
 .text.LoRa_setFrequency
                0x000000000800091a       0x6e ./Core/Src/LoRa.o
                0x000000000800091a                LoRa_setFrequency
 .text.LoRa_setSpreadingFactor
                0x0000000008000988       0x6c ./Core/Src/LoRa.o
                0x0000000008000988                LoRa_setSpreadingFactor
 .text.LoRa_setPower
                0x00000000080009f4       0x2a ./Core/Src/LoRa.o
                0x00000000080009f4                LoRa_setPower
 .text.LoRa_setOCP
                0x0000000008000a1e       0x9c ./Core/Src/LoRa.o
                0x0000000008000a1e                LoRa_setOCP
 .text.LoRa_setTOMsb_setCRCon
                0x0000000008000aba       0x44 ./Core/Src/LoRa.o
                0x0000000008000aba                LoRa_setTOMsb_setCRCon
 .text.LoRa_read
                0x0000000008000afe       0x3c ./Core/Src/LoRa.o
                0x0000000008000afe                LoRa_read
 .text.LoRa_write
                0x0000000008000b3a       0x4c ./Core/Src/LoRa.o
                0x0000000008000b3a                LoRa_write
 .text.LoRa_BurstWrite
                0x0000000008000b86       0xa2 ./Core/Src/LoRa.o
                0x0000000008000b86                LoRa_BurstWrite
 .text.LoRa_isvalid
                0x0000000008000c28       0x12 ./Core/Src/LoRa.o
                0x0000000008000c28                LoRa_isvalid
 .text.LoRa_transmit
                0x0000000008000c3a       0xd6 ./Core/Src/LoRa.o
                0x0000000008000c3a                LoRa_transmit
 .text.LoRa_startReceiving
                0x0000000008000d10       0x1a ./Core/Src/LoRa.o
                0x0000000008000d10                LoRa_startReceiving
 .text.LoRa_receive
                0x0000000008000d2a       0xf4 ./Core/Src/LoRa.o
                0x0000000008000d2a                LoRa_receive
 .text.LoRa_init
                0x0000000008000e1e      0x18a ./Core/Src/LoRa.o
                0x0000000008000e1e                LoRa_init
 .text.main     0x0000000008000fa8       0xf8 ./Core/Src/main.o
                0x0000000008000fa8                main
 .text.SystemClock_Config
                0x00000000080010a0       0xb0 ./Core/Src/main.o
                0x00000000080010a0                SystemClock_Config
 .text.MX_SPI3_Init
                0x0000000008001150       0x70 ./Core/Src/main.o
 .text.MX_GPIO_Init
                0x00000000080011c0      0x15c ./Core/Src/main.o
 .text.MX_USART2_UART_Init
                0x000000000800131c       0x44 ./Core/Src/main.o
                0x000000000800131c                MX_USART2_UART_Init
 .text.Error_Handler
                0x0000000008001360        0xa ./Core/Src/main.o
                0x0000000008001360                Error_Handler
 *fill*         0x000000000800136a        0x2 
 .text.HAL_MspInit
                0x000000000800136c       0x28 ./Core/Src/stm32l0xx_hal_msp.o
                0x000000000800136c                HAL_MspInit
 .text.HAL_SPI_MspInit
                0x0000000008001394       0x88 ./Core/Src/stm32l0xx_hal_msp.o
                0x0000000008001394                HAL_SPI_MspInit
 .text.NMI_Handler
                0x000000000800141c        0x6 ./Core/Src/stm32l0xx_it.o
                0x000000000800141c                NMI_Handler
 .text.HardFault_Handler
                0x0000000008001422        0x6 ./Core/Src/stm32l0xx_it.o
                0x0000000008001422                HardFault_Handler
 .text.SVC_Handler
                0x0000000008001428        0xa ./Core/Src/stm32l0xx_it.o
                0x0000000008001428                SVC_Handler
 .text.PendSV_Handler
                0x0000000008001432        0xa ./Core/Src/stm32l0xx_it.o
                0x0000000008001432                PendSV_Handler
 .text.SysTick_Handler
                0x000000000800143c        0xe ./Core/Src/stm32l0xx_it.o
                0x000000000800143c                SysTick_Handler
 .text.SystemInit
                0x000000000800144a        0xa ./Core/Src/system_stm32l0xx.o
                0x000000000800144a                SystemInit
 .text.Reset_Handler
                0x0000000008001454       0x50 ./Core/Startup/startup_stm32l073rztx.o
                0x0000000008001454                Reset_Handler
 .text.Default_Handler
                0x00000000080014a4        0x2 ./Core/Startup/startup_stm32l073rztx.o
                0x00000000080014a4                TSC_IRQHandler
                0x00000000080014a4                ADC1_COMP_IRQHandler
                0x00000000080014a4                PVD_IRQHandler
                0x00000000080014a4                I2C1_IRQHandler
                0x00000000080014a4                RCC_CRS_IRQHandler
                0x00000000080014a4                SPI1_IRQHandler
                0x00000000080014a4                TIM6_DAC_IRQHandler
                0x00000000080014a4                EXTI2_3_IRQHandler
                0x00000000080014a4                I2C2_IRQHandler
                0x00000000080014a4                RTC_IRQHandler
                0x00000000080014a4                LCD_IRQHandler
                0x00000000080014a4                DMA1_Channel4_5_6_7_IRQHandler
                0x00000000080014a4                TIM3_IRQHandler
                0x00000000080014a4                EXTI4_15_IRQHandler
                0x00000000080014a4                DMA1_Channel1_IRQHandler
                0x00000000080014a4                USART4_5_IRQHandler
                0x00000000080014a4                Default_Handler
                0x00000000080014a4                TIM22_IRQHandler
                0x00000000080014a4                TIM7_IRQHandler
                0x00000000080014a4                EXTI0_1_IRQHandler
                0x00000000080014a4                USB_IRQHandler
                0x00000000080014a4                I2C3_IRQHandler
                0x00000000080014a4                SPI2_IRQHandler
                0x00000000080014a4                TIM21_IRQHandler
                0x00000000080014a4                WWDG_IRQHandler
                0x00000000080014a4                TIM2_IRQHandler
                0x00000000080014a4                DMA1_Channel2_3_IRQHandler
                0x00000000080014a4                USART2_IRQHandler
                0x00000000080014a4                FLASH_IRQHandler
                0x00000000080014a4                USART1_IRQHandler
                0x00000000080014a4                RNG_LPUART1_IRQHandler
                0x00000000080014a4                LPTIM1_IRQHandler
 *fill*         0x00000000080014a6        0x2 
 .text.HAL_Init
                0x00000000080014a8       0x40 ./Drivers/STM32L0xx_HAL_Driver/Src/stm32l0xx_hal.o
                0x00000000080014a8                HAL_Init
 .text.HAL_InitTick
                0x00000000080014e8       0x68 ./Drivers/STM32L0xx_HAL_Driver/Src/stm32l0xx_hal.o
                0x00000000080014e8                HAL_InitTick
 .text.HAL_IncTick
                0x0000000008001550       0x24 ./Drivers/STM32L0xx_HAL_Driver/Src/stm32l0xx_hal.o
                0x0000000008001550                HAL_IncTick
 .text.HAL_GetTick
                0x0000000008001574       0x14 ./Drivers/STM32L0xx_HAL_Driver/Src/stm32l0xx_hal.o
                0x0000000008001574                HAL_GetTick
 .text.HAL_Delay
                0x0000000008001588       0x48 ./Drivers/STM32L0xx_HAL_Driver/Src/stm32l0xx_hal.o
                0x0000000008001588                HAL_Delay
 .text.__NVIC_EnableIRQ
                0x00000000080015d0       0x34 ./Drivers/STM32L0xx_HAL_Driver/Src/stm32l0xx_hal_cortex.o
 .text.__NVIC_SetPriority
                0x0000000008001604       0xdc ./Drivers/STM32L0xx_HAL_Driver/Src/stm32l0xx_hal_cortex.o
 .text.SysTick_Config
                0x00000000080016e0       0x48 ./Drivers/STM32L0xx_HAL_Driver/Src/stm32l0xx_hal_cortex.o
 .text.HAL_NVIC_SetPriority
                0x0000000008001728       0x2a ./Drivers/STM32L0xx_HAL_Driver/Src/stm32l0xx_hal_cortex.o
                0x0000000008001728                HAL_NVIC_SetPriority
 .text.HAL_NVIC_EnableIRQ
                0x0000000008001752       0x20 ./Drivers/STM32L0xx_HAL_Driver/Src/stm32l0xx_hal_cortex.o
                0x0000000008001752                HAL_NVIC_EnableIRQ
 .text.HAL_SYSTICK_Config
                0x0000000008001772       0x1a ./Drivers/STM32L0xx_HAL_Driver/Src/stm32l0xx_hal_cortex.o
                0x0000000008001772                HAL_SYSTICK_Config
 .text.HAL_GPIO_Init
                0x000000000800178c      0x2fc ./Drivers/STM32L0xx_HAL_Driver/Src/stm32l0xx_hal_gpio.o
                0x000000000800178c                HAL_GPIO_Init
 .text.HAL_GPIO_WritePin
                0x0000000008001a88       0x3a ./Drivers/STM32L0xx_HAL_Driver/Src/stm32l0xx_hal_gpio.o
                0x0000000008001a88                HAL_GPIO_WritePin
 *fill*         0x0000000008001ac2        0x2 
 .text.HAL_RCC_OscConfig
                0x0000000008001ac4      0x7a8 ./Drivers/STM32L0xx_HAL_Driver/Src/stm32l0xx_hal_rcc.o
                0x0000000008001ac4                HAL_RCC_OscConfig
 .text.HAL_RCC_GetSysClockFreq
                0x000000000800226c      0x14c ./Drivers/STM32L0xx_HAL_Driver/Src/stm32l0xx_hal_rcc.o
                0x000000000800226c                HAL_RCC_GetSysClockFreq
 .text.HAL_SPI_Init
                0x00000000080023b8      0x128 ./Drivers/STM32L0xx_HAL_Driver/Src/stm32l0xx_hal_spi.o
                0x00000000080023b8                HAL_SPI_Init
 .text.HAL_SPI_Transmit
                0x00000000080024e0      0x2ba ./Drivers/STM32L0xx_HAL_Driver/Src/stm32l0xx_hal_spi.o
                0x00000000080024e0                HAL_SPI_Transmit
 *fill*         0x000000000800279a        0x2 
 .text.HAL_SPI_Receive
                0x000000000800279c      0x25c ./Drivers/STM32L0xx_HAL_Driver/Src/stm32l0xx_hal_spi.o
                0x000000000800279c                HAL_SPI_Receive
 .text.HAL_SPI_TransmitReceive
                0x00000000080029f8      0x396 ./Drivers/STM32L0xx_HAL_Driver/Src/stm32l0xx_hal_spi.o
                0x00000000080029f8                HAL_SPI_TransmitReceive
 .text.HAL_SPI_GetState
                0x0000000008002d8e       0x18 ./Drivers/STM32L0xx_HAL_Driver/Src/stm32l0xx_hal_spi.o
                0x0000000008002d8e                HAL_SPI_GetState
 *fill*         0x0000000008002da6        0x2 
 .text.SPI_WaitFlagStateUntilTimeout
                0x0000000008002da8      0x11c ./Drivers/STM32L0xx_HAL_Driver/Src/stm32l0xx_hal_spi.o
 .text.SPI_EndRxTransaction
                0x0000000008002ec4       0xd4 ./Drivers/STM32L0xx_HAL_Driver/Src/stm32l0xx_hal_spi.o
 .text.SPI_EndRxTxTransaction
                0x0000000008002f98       0x8c ./Drivers/STM32L0xx_HAL_Driver/Src/stm32l0xx_hal_spi.o
 .text.__libc_init_array
                0x0000000008003024       0x48 e:/stm32cubeide_1.10.1/stm32cubeide/plugins/com.st.stm32cube.ide.mcu.externaltools.gnu-tools-for-stm32.10.3-2021.10.win32_1.0.0.202111181127/tools/bin/../lib/gcc/arm-none-eabi/10.3.1/../../../../arm-none-eabi/lib/thumb/v6-m/nofp\libc_nano.a(lib_a-init.o)
                0x0000000008003024                __libc_init_array
 .text.memset   0x000000000800306c       0x10 e:/stm32cubeide_1.10.1/stm32cubeide/plugins/com.st.stm32cube.ide.mcu.externaltools.gnu-tools-for-stm32.10.3-2021.10.win32_1.0.0.202111181127/tools/bin/../lib/gcc/arm-none-eabi/10.3.1/../../../../arm-none-eabi/lib/thumb/v6-m/nofp\libc_nano.a(lib_a-memset.o)
                0x000000000800306c                memset
 *(.glue_7)
 .glue_7        0x000000000800307c        0x0 linker stubs
 *(.glue_7t)
 .glue_7t       0x000000000800307c        0x0 linker stubs
 *(.eh_frame)
 .eh_frame      0x000000000800307c        0x0 e:/stm32cubeide_1.10.1/stm32cubeide/plugins/com.st.stm32cube.ide.mcu.externaltools.gnu-tools-for-stm32.10.3-2021.10.win32_1.0.0.202111181127/tools/bin/../lib/gcc/arm-none-eabi/10.3.1/thumb/v6-m/nofp/crtbegin.o
 *(.init)
 .init          0x000000000800307c        0x4 e:/stm32cubeide_1.10.1/stm32cubeide/plugins/com.st.stm32cube.ide.mcu.externaltools.gnu-tools-for-stm32.10.3-2021.10.win32_1.0.0.202111181127/tools/bin/../lib/gcc/arm-none-eabi/10.3.1/thumb/v6-m/nofp/crti.o
                0x000000000800307c                _init
 .init          0x0000000008003080        0x8 e:/stm32cubeide_1.10.1/stm32cubeide/plugins/com.st.stm32cube.ide.mcu.externaltools.gnu-tools-for-stm32.10.3-2021.10.win32_1.0.0.202111181127/tools/bin/../lib/gcc/arm-none-eabi/10.3.1/thumb/v6-m/nofp/crtn.o
 *(.fini)
 .fini          0x0000000008003088        0x4 e:/stm32cubeide_1.10.1/stm32cubeide/plugins/com.st.stm32cube.ide.mcu.externaltools.gnu-tools-for-stm32.10.3-2021.10.win32_1.0.0.202111181127/tools/bin/../lib/gcc/arm-none-eabi/10.3.1/thumb/v6-m/nofp/crti.o
                0x0000000008003088                _fini
 .fini          0x000000000800308c        0x8 e:/stm32cubeide_1.10.1/stm32cubeide/plugins/com.st.stm32cube.ide.mcu.externaltools.gnu-tools-for-stm32.10.3-2021.10.win32_1.0.0.202111181127/tools/bin/../lib/gcc/arm-none-eabi/10.3.1/thumb/v6-m/nofp/crtn.o
                0x0000000008003094                . = ALIGN (0x4)
                0x0000000008003094                _etext = .

.vfp11_veneer   0x0000000008003094        0x0
 .vfp11_veneer  0x0000000008003094        0x0 linker stubs

.v4_bx          0x0000000008003094        0x0
 .v4_bx         0x0000000008003094        0x0 linker stubs

.iplt           0x0000000008003094        0x0
 .iplt          0x0000000008003094        0x0 e:/stm32cubeide_1.10.1/stm32cubeide/plugins/com.st.stm32cube.ide.mcu.externaltools.gnu-tools-for-stm32.10.3-2021.10.win32_1.0.0.202111181127/tools/bin/../lib/gcc/arm-none-eabi/10.3.1/thumb/v6-m/nofp/crtbegin.o

.rodata         0x0000000008003094       0x2c
                0x0000000008003094                . = ALIGN (0x4)
 *(.rodata)
 .rodata        0x0000000008003094        0xd ./Core/Src/main.o
 *(.rodata*)
 *fill*         0x00000000080030a1        0x3 
 .rodata.AHBPrescTable
                0x00000000080030a4       0x10 ./Core/Src/system_stm32l0xx.o
                0x00000000080030a4                AHBPrescTable
 .rodata.PLLMulTable
                0x00000000080030b4        0x9 ./Core/Src/system_stm32l0xx.o
                0x00000000080030b4                PLLMulTable
                0x00000000080030c0                . = ALIGN (0x4)
 *fill*         0x00000000080030bd        0x3 

.ARM.extab      0x00000000080030c0        0x0
                0x00000000080030c0                . = ALIGN (0x4)
 *(.ARM.extab* .gnu.linkonce.armextab.*)
                0x00000000080030c0                . = ALIGN (0x4)

.ARM            0x00000000080030c0        0x8
                0x00000000080030c0                . = ALIGN (0x4)
                0x00000000080030c0                __exidx_start = .
 *(.ARM.exidx*)
 .ARM.exidx     0x00000000080030c0        0x8 e:/stm32cubeide_1.10.1/stm32cubeide/plugins/com.st.stm32cube.ide.mcu.externaltools.gnu-tools-for-stm32.10.3-2021.10.win32_1.0.0.202111181127/tools/bin/../lib/gcc/arm-none-eabi/10.3.1/thumb/v6-m/nofp\libgcc.a(_udivmoddi4.o)
                0x00000000080030c8                __exidx_end = .
                0x00000000080030c8                . = ALIGN (0x4)

.rel.dyn        0x00000000080030c8        0x0
 .rel.iplt      0x00000000080030c8        0x0 e:/stm32cubeide_1.10.1/stm32cubeide/plugins/com.st.stm32cube.ide.mcu.externaltools.gnu-tools-for-stm32.10.3-2021.10.win32_1.0.0.202111181127/tools/bin/../lib/gcc/arm-none-eabi/10.3.1/thumb/v6-m/nofp/crtbegin.o

.preinit_array  0x00000000080030c8        0x0
                0x00000000080030c8                . = ALIGN (0x4)
                0x00000000080030c8                PROVIDE (__preinit_array_start = .)
 *(.preinit_array*)
                0x00000000080030c8                PROVIDE (__preinit_array_end = .)
                0x00000000080030c8                . = ALIGN (0x4)

.init_array     0x00000000080030c8        0x4
                0x00000000080030c8                . = ALIGN (0x4)
                0x00000000080030c8                PROVIDE (__init_array_start = .)
 *(SORT_BY_NAME(.init_array.*))
 *(.init_array*)
 .init_array    0x00000000080030c8        0x4 e:/stm32cubeide_1.10.1/stm32cubeide/plugins/com.st.stm32cube.ide.mcu.externaltools.gnu-tools-for-stm32.10.3-2021.10.win32_1.0.0.202111181127/tools/bin/../lib/gcc/arm-none-eabi/10.3.1/thumb/v6-m/nofp/crtbegin.o
                0x00000000080030cc                PROVIDE (__init_array_end = .)
                0x00000000080030cc                . = ALIGN (0x4)

.fini_array     0x00000000080030cc        0x4
                0x00000000080030cc                . = ALIGN (0x4)
                [!provide]                        PROVIDE (__fini_array_start = .)
 *(SORT_BY_NAME(.fini_array.*))
 *(.fini_array*)
 .fini_array    0x00000000080030cc        0x4 e:/stm32cubeide_1.10.1/stm32cubeide/plugins/com.st.stm32cube.ide.mcu.externaltools.gnu-tools-for-stm32.10.3-2021.10.win32_1.0.0.202111181127/tools/bin/../lib/gcc/arm-none-eabi/10.3.1/thumb/v6-m/nofp/crtbegin.o
                [!provide]                        PROVIDE (__fini_array_end = .)
                0x00000000080030d0                . = ALIGN (0x4)
                0x00000000080030d0                _sidata = LOADADDR (.data)

.data           0x0000000020000000        0xc load address 0x00000000080030d0
                0x0000000020000000                . = ALIGN (0x4)
                0x0000000020000000                _sdata = .
 *(.data)
 *(.data*)
 .data.SystemCoreClock
                0x0000000020000000        0x4 ./Core/Src/system_stm32l0xx.o
                0x0000000020000000                SystemCoreClock
 .data.uwTickPrio
                0x0000000020000004        0x4 ./Drivers/STM32L0xx_HAL_Driver/Src/stm32l0xx_hal.o
                0x0000000020000004                uwTickPrio
 .data.uwTickFreq
                0x0000000020000008        0x1 ./Drivers/STM32L0xx_HAL_Driver/Src/stm32l0xx_hal.o
                0x0000000020000008                uwTickFreq
 *(.RamFunc)
 *(.RamFunc*)
                0x000000002000000c                . = ALIGN (0x4)
 *fill*         0x0000000020000009        0x3 
                0x000000002000000c                _edata = .

.igot.plt       0x000000002000000c        0x0 load address 0x00000000080030dc
 .igot.plt      0x000000002000000c        0x0 e:/stm32cubeide_1.10.1/stm32cubeide/plugins/com.st.stm32cube.ide.mcu.externaltools.gnu-tools-for-stm32.10.3-2021.10.win32_1.0.0.202111181127/tools/bin/../lib/gcc/arm-none-eabi/10.3.1/thumb/v6-m/nofp/crtbegin.o
                0x000000002000000c                . = ALIGN (0x4)

.bss            0x000000002000000c      0x1ac load address 0x00000000080030dc
                0x000000002000000c                _sbss = .
                0x000000002000000c                __bss_start__ = _sbss
 *(.bss)
 .bss           0x000000002000000c       0x1c e:/stm32cubeide_1.10.1/stm32cubeide/plugins/com.st.stm32cube.ide.mcu.externaltools.gnu-tools-for-stm32.10.3-2021.10.win32_1.0.0.202111181127/tools/bin/../lib/gcc/arm-none-eabi/10.3.1/thumb/v6-m/nofp/crtbegin.o
 *(.bss*)
 .bss.hspi3     0x0000000020000028       0x58 ./Core/Src/main.o
                0x0000000020000028                hspi3
 .bss.myLoRa    0x0000000020000080       0x2c ./Core/Src/main.o
                0x0000000020000080                myLoRa
 .bss.read_data
                0x00000000200000ac       0x80 ./Core/Src/main.o
                0x00000000200000ac                read_data
 .bss.huart2    0x000000002000012c       0x88 ./Core/Src/main.o
                0x000000002000012c                huart2
 .bss.uwTick    0x00000000200001b4        0x4 ./Drivers/STM32L0xx_HAL_Driver/Src/stm32l0xx_hal.o
                0x00000000200001b4                uwTick
 *(COMMON)
                0x00000000200001b8                . = ALIGN (0x4)
                0x00000000200001b8                _ebss = .
                0x00000000200001b8                __bss_end__ = _ebss

._user_heap_stack
                0x00000000200001b8      0x600 load address 0x00000000080030dc
                0x00000000200001b8                . = ALIGN (0x8)
                [!provide]                        PROVIDE (end = .)
                0x00000000200001b8                PROVIDE (_end = .)
                0x00000000200003b8                . = (. + _Min_Heap_Size)
 *fill*         0x00000000200001b8      0x200 
                0x00000000200007b8                . = (. + _Min_Stack_Size)
 *fill*         0x00000000200003b8      0x400 
                0x00000000200007b8                . = ALIGN (0x8)

/DISCARD/
 libc.a(*)
 libm.a(*)
 libgcc.a(*)

.ARM.attributes
                0x0000000000000000       0x28
 *(.ARM.attributes)
 .ARM.attributes
                0x0000000000000000       0x1e e:/stm32cubeide_1.10.1/stm32cubeide/plugins/com.st.stm32cube.ide.mcu.externaltools.gnu-tools-for-stm32.10.3-2021.10.win32_1.0.0.202111181127/tools/bin/../lib/gcc/arm-none-eabi/10.3.1/thumb/v6-m/nofp/crti.o
 .ARM.attributes
                0x000000000000001e       0x2c e:/stm32cubeide_1.10.1/stm32cubeide/plugins/com.st.stm32cube.ide.mcu.externaltools.gnu-tools-for-stm32.10.3-2021.10.win32_1.0.0.202111181127/tools/bin/../lib/gcc/arm-none-eabi/10.3.1/thumb/v6-m/nofp/crtbegin.o
 .ARM.attributes
                0x000000000000004a       0x2c ./Core/Src/LoRa.o
 .ARM.attributes
                0x0000000000000076       0x2c ./Core/Src/main.o
 .ARM.attributes
                0x00000000000000a2       0x2c ./Core/Src/stm32l0xx_hal_msp.o
 .ARM.attributes
                0x00000000000000ce       0x2c ./Core/Src/stm32l0xx_it.o
 .ARM.attributes
                0x00000000000000fa       0x2c ./Core/Src/system_stm32l0xx.o
 .ARM.attributes
                0x0000000000000126       0x22 ./Core/Startup/startup_stm32l073rztx.o
 .ARM.attributes
                0x0000000000000148       0x2c ./Drivers/STM32L0xx_HAL_Driver/Src/stm32l0xx_hal.o
 .ARM.attributes
                0x0000000000000174       0x2c ./Drivers/STM32L0xx_HAL_Driver/Src/stm32l0xx_hal_cortex.o
 .ARM.attributes
                0x00000000000001a0       0x2c ./Drivers/STM32L0xx_HAL_Driver/Src/stm32l0xx_hal_gpio.o
 .ARM.attributes
                0x00000000000001cc       0x2c ./Drivers/STM32L0xx_HAL_Driver/Src/stm32l0xx_hal_rcc.o
 .ARM.attributes
                0x00000000000001f8       0x2c ./Drivers/STM32L0xx_HAL_Driver/Src/stm32l0xx_hal_spi.o
 .ARM.attributes
                0x0000000000000224       0x2c e:/stm32cubeide_1.10.1/stm32cubeide/plugins/com.st.stm32cube.ide.mcu.externaltools.gnu-tools-for-stm32.10.3-2021.10.win32_1.0.0.202111181127/tools/bin/../lib/gcc/arm-none-eabi/10.3.1/../../../../arm-none-eabi/lib/thumb/v6-m/nofp\libc_nano.a(lib_a-init.o)
 .ARM.attributes
                0x0000000000000250       0x2c e:/stm32cubeide_1.10.1/stm32cubeide/plugins/com.st.stm32cube.ide.mcu.externaltools.gnu-tools-for-stm32.10.3-2021.10.win32_1.0.0.202111181127/tools/bin/../lib/gcc/arm-none-eabi/10.3.1/../../../../arm-none-eabi/lib/thumb/v6-m/nofp\libc_nano.a(lib_a-memset.o)
 .ARM.attributes
                0x000000000000027c       0x1e e:/stm32cubeide_1.10.1/stm32cubeide/plugins/com.st.stm32cube.ide.mcu.externaltools.gnu-tools-for-stm32.10.3-2021.10.win32_1.0.0.202111181127/tools/bin/../lib/gcc/arm-none-eabi/10.3.1/thumb/v6-m/nofp\libgcc.a(_udivsi3.o)
 .ARM.attributes
                0x000000000000029a       0x1e e:/stm32cubeide_1.10.1/stm32cubeide/plugins/com.st.stm32cube.ide.mcu.externaltools.gnu-tools-for-stm32.10.3-2021.10.win32_1.0.0.202111181127/tools/bin/../lib/gcc/arm-none-eabi/10.3.1/thumb/v6-m/nofp\libgcc.a(_divsi3.o)
 .ARM.attributes
                0x00000000000002b8       0x1e e:/stm32cubeide_1.10.1/stm32cubeide/plugins/com.st.stm32cube.ide.mcu.externaltools.gnu-tools-for-stm32.10.3-2021.10.win32_1.0.0.202111181127/tools/bin/../lib/gcc/arm-none-eabi/10.3.1/thumb/v6-m/nofp\libgcc.a(_dvmd_tls.o)
 .ARM.attributes
                0x00000000000002d6       0x1e e:/stm32cubeide_1.10.1/stm32cubeide/plugins/com.st.stm32cube.ide.mcu.externaltools.gnu-tools-for-stm32.10.3-2021.10.win32_1.0.0.202111181127/tools/bin/../lib/gcc/arm-none-eabi/10.3.1/thumb/v6-m/nofp\libgcc.a(_aeabi_uldivmod.o)
 .ARM.attributes
                0x00000000000002f4       0x2c e:/stm32cubeide_1.10.1/stm32cubeide/plugins/com.st.stm32cube.ide.mcu.externaltools.gnu-tools-for-stm32.10.3-2021.10.win32_1.0.0.202111181127/tools/bin/../lib/gcc/arm-none-eabi/10.3.1/thumb/v6-m/nofp\libgcc.a(_muldi3.o)
 .ARM.attributes
                0x0000000000000320       0x2c e:/stm32cubeide_1.10.1/stm32cubeide/plugins/com.st.stm32cube.ide.mcu.externaltools.gnu-tools-for-stm32.10.3-2021.10.win32_1.0.0.202111181127/tools/bin/../lib/gcc/arm-none-eabi/10.3.1/thumb/v6-m/nofp\libgcc.a(_udivmoddi4.o)
 .ARM.attributes
                0x000000000000034c       0x1e e:/stm32cubeide_1.10.1/stm32cubeide/plugins/com.st.stm32cube.ide.mcu.externaltools.gnu-tools-for-stm32.10.3-2021.10.win32_1.0.0.202111181127/tools/bin/../lib/gcc/arm-none-eabi/10.3.1/thumb/v6-m/nofp\libgcc.a(_clzdi2.o)
 .ARM.attributes
                0x000000000000036a       0x1e e:/stm32cubeide_1.10.1/stm32cubeide/plugins/com.st.stm32cube.ide.mcu.externaltools.gnu-tools-for-stm32.10.3-2021.10.win32_1.0.0.202111181127/tools/bin/../lib/gcc/arm-none-eabi/10.3.1/thumb/v6-m/nofp\libgcc.a(_clzsi2.o)
 .ARM.attributes
                0x0000000000000388       0x1e e:/stm32cubeide_1.10.1/stm32cubeide/plugins/com.st.stm32cube.ide.mcu.externaltools.gnu-tools-for-stm32.10.3-2021.10.win32_1.0.0.202111181127/tools/bin/../lib/gcc/arm-none-eabi/10.3.1/thumb/v6-m/nofp/crtn.o
OUTPUT(STM32_RA01.elf elf32-littlearm)
LOAD linker stubs
LOAD e:/stm32cubeide_1.10.1/stm32cubeide/plugins/com.st.stm32cube.ide.mcu.externaltools.gnu-tools-for-stm32.10.3-2021.10.win32_1.0.0.202111181127/tools/bin/../lib/gcc/arm-none-eabi/10.3.1/../../../../arm-none-eabi/lib/thumb/v6-m/nofp\libc.a
LOAD e:/stm32cubeide_1.10.1/stm32cubeide/plugins/com.st.stm32cube.ide.mcu.externaltools.gnu-tools-for-stm32.10.3-2021.10.win32_1.0.0.202111181127/tools/bin/../lib/gcc/arm-none-eabi/10.3.1/../../../../arm-none-eabi/lib/thumb/v6-m/nofp\libm.a
LOAD e:/stm32cubeide_1.10.1/stm32cubeide/plugins/com.st.stm32cube.ide.mcu.externaltools.gnu-tools-for-stm32.10.3-2021.10.win32_1.0.0.202111181127/tools/bin/../lib/gcc/arm-none-eabi/10.3.1/thumb/v6-m/nofp\libgcc.a

.debug_info     0x0000000000000000     0x672e
 .debug_info    0x0000000000000000      0xe16 ./Core/Src/LoRa.o
 .debug_info    0x0000000000000e16     0x1277 ./Core/Src/main.o
 .debug_info    0x000000000000208d      0x89b ./Core/Src/stm32l0xx_hal_msp.o
 .debug_info    0x0000000000002928       0xd6 ./Core/Src/stm32l0xx_it.o
 .debug_info    0x00000000000029fe      0x305 ./Core/Src/system_stm32l0xx.o
 .debug_info    0x0000000000002d03       0x22 ./Core/Startup/startup_stm32l073rztx.o
 .debug_info    0x0000000000002d25      0x8e9 ./Drivers/STM32L0xx_HAL_Driver/Src/stm32l0xx_hal.o
 .debug_info    0x000000000000360e      0x8ee ./Drivers/STM32L0xx_HAL_Driver/Src/stm32l0xx_hal_cortex.o
 .debug_info    0x0000000000003efc      0x6a6 ./Drivers/STM32L0xx_HAL_Driver/Src/stm32l0xx_hal_gpio.o
 .debug_info    0x00000000000045a2      0xa7c ./Drivers/STM32L0xx_HAL_Driver/Src/stm32l0xx_hal_rcc.o
 .debug_info    0x000000000000501e     0x1710 ./Drivers/STM32L0xx_HAL_Driver/Src/stm32l0xx_hal_spi.o

.debug_abbrev   0x0000000000000000     0x13fb
 .debug_abbrev  0x0000000000000000      0x257 ./Core/Src/LoRa.o
 .debug_abbrev  0x0000000000000257      0x2b8 ./Core/Src/main.o
 .debug_abbrev  0x000000000000050f      0x186 ./Core/Src/stm32l0xx_hal_msp.o
 .debug_abbrev  0x0000000000000695       0x71 ./Core/Src/stm32l0xx_it.o
 .debug_abbrev  0x0000000000000706      0x113 ./Core/Src/system_stm32l0xx.o
 .debug_abbrev  0x0000000000000819       0x12 ./Core/Startup/startup_stm32l073rztx.o
 .debug_abbrev  0x000000000000082b      0x297 ./Drivers/STM32L0xx_HAL_Driver/Src/stm32l0xx_hal.o
 .debug_abbrev  0x0000000000000ac2      0x28b ./Drivers/STM32L0xx_HAL_Driver/Src/stm32l0xx_hal_cortex.o
 .debug_abbrev  0x0000000000000d4d      0x1b8 ./Drivers/STM32L0xx_HAL_Driver/Src/stm32l0xx_hal_gpio.o
 .debug_abbrev  0x0000000000000f05      0x28b ./Drivers/STM32L0xx_HAL_Driver/Src/stm32l0xx_hal_rcc.o
 .debug_abbrev  0x0000000000001190      0x26b ./Drivers/STM32L0xx_HAL_Driver/Src/stm32l0xx_hal_spi.o

.debug_aranges  0x0000000000000000      0x650
 .debug_aranges
                0x0000000000000000       0xb0 ./Core/Src/LoRa.o
 .debug_aranges
                0x00000000000000b0       0x50 ./Core/Src/main.o
 .debug_aranges
                0x0000000000000100       0x30 ./Core/Src/stm32l0xx_hal_msp.o
 .debug_aranges
                0x0000000000000130       0x40 ./Core/Src/stm32l0xx_it.o
 .debug_aranges
                0x0000000000000170       0x28 ./Core/Src/system_stm32l0xx.o
 .debug_aranges
                0x0000000000000198       0x28 ./Core/Startup/startup_stm32l073rztx.o
 .debug_aranges
                0x00000000000001c0      0x110 ./Drivers/STM32L0xx_HAL_Driver/Src/stm32l0xx_hal.o
 .debug_aranges
                0x00000000000002d0       0xd8 ./Drivers/STM32L0xx_HAL_Driver/Src/stm32l0xx_hal_cortex.o
 .debug_aranges
                0x00000000000003a8       0x58 ./Drivers/STM32L0xx_HAL_Driver/Src/stm32l0xx_hal_gpio.o
 .debug_aranges
                0x0000000000000400       0x80 ./Drivers/STM32L0xx_HAL_Driver/Src/stm32l0xx_hal_rcc.o
 .debug_aranges
                0x0000000000000480      0x1d0 ./Drivers/STM32L0xx_HAL_Driver/Src/stm32l0xx_hal_spi.o

.debug_ranges   0x0000000000000000      0x5a8
 .debug_ranges  0x0000000000000000       0xa0 ./Core/Src/LoRa.o
 .debug_ranges  0x00000000000000a0       0x40 ./Core/Src/main.o
 .debug_ranges  0x00000000000000e0       0x20 ./Core/Src/stm32l0xx_hal_msp.o
 .debug_ranges  0x0000000000000100       0x30 ./Core/Src/stm32l0xx_it.o
 .debug_ranges  0x0000000000000130       0x18 ./Core/Src/system_stm32l0xx.o
 .debug_ranges  0x0000000000000148       0x20 ./Core/Startup/startup_stm32l073rztx.o
 .debug_ranges  0x0000000000000168      0x100 ./Drivers/STM32L0xx_HAL_Driver/Src/stm32l0xx_hal.o
 .debug_ranges  0x0000000000000268       0xc8 ./Drivers/STM32L0xx_HAL_Driver/Src/stm32l0xx_hal_cortex.o
 .debug_ranges  0x0000000000000330       0x48 ./Drivers/STM32L0xx_HAL_Driver/Src/stm32l0xx_hal_gpio.o
 .debug_ranges  0x0000000000000378       0x70 ./Drivers/STM32L0xx_HAL_Driver/Src/stm32l0xx_hal_rcc.o
 .debug_ranges  0x00000000000003e8      0x1c0 ./Drivers/STM32L0xx_HAL_Driver/Src/stm32l0xx_hal_spi.o

.debug_line     0x0000000000000000     0x4896
 .debug_line    0x0000000000000000      0x6bf ./Core/Src/LoRa.o
 .debug_line    0x00000000000006bf      0x46b ./Core/Src/main.o
 .debug_line    0x0000000000000b2a      0x2e3 ./Core/Src/stm32l0xx_hal_msp.o
 .debug_line    0x0000000000000e0d       0xe2 ./Core/Src/stm32l0xx_it.o
 .debug_line    0x0000000000000eef      0x2e6 ./Core/Src/system_stm32l0xx.o
 .debug_line    0x00000000000011d5       0x89 ./Core/Startup/startup_stm32l073rztx.o
 .debug_line    0x000000000000125e      0x61c ./Drivers/STM32L0xx_HAL_Driver/Src/stm32l0xx_hal.o
 .debug_line    0x000000000000187a      0x6c9 ./Drivers/STM32L0xx_HAL_Driver/Src/stm32l0xx_hal_cortex.o
 .debug_line    0x0000000000001f43      0x678 ./Drivers/STM32L0xx_HAL_Driver/Src/stm32l0xx_hal_gpio.o
 .debug_line    0x00000000000025bb      0xaa1 ./Drivers/STM32L0xx_HAL_Driver/Src/stm32l0xx_hal_rcc.o
 .debug_line    0x000000000000305c     0x183a ./Drivers/STM32L0xx_HAL_Driver/Src/stm32l0xx_hal_spi.o

.debug_str      0x0000000000000000     0x1f65
 .debug_str     0x0000000000000000      0x7dd ./Core/Src/LoRa.o
                                        0x8af (size before relaxing)
 .debug_str     0x00000000000007dd      0x6ae ./Core/Src/main.o
                                        0xde8 (size before relaxing)
 .debug_str     0x0000000000000e8b       0x63 ./Core/Src/stm32l0xx_hal_msp.o
                                        0x6de (size before relaxing)
 .debug_str     0x0000000000000eee       0x70 ./Core/Src/stm32l0xx_it.o
                                        0x1e1 (size before relaxing)
 .debug_str     0x0000000000000f5e       0x99 ./Core/Src/system_stm32l0xx.o
                                        0x2c8 (size before relaxing)
 .debug_str     0x0000000000000ff7       0x36 ./Core/Startup/startup_stm32l073rztx.o
                                         0x74 (size before relaxing)
 .debug_str     0x000000000000102d      0x40d ./Drivers/STM32L0xx_HAL_Driver/Src/stm32l0xx_hal.o
                                        0x89e (size before relaxing)
 .debug_str     0x000000000000143a      0x358 ./Drivers/STM32L0xx_HAL_Driver/Src/stm32l0xx_hal_cortex.o
                                        0x750 (size before relaxing)
 .debug_str     0x0000000000001792       0xcc ./Drivers/STM32L0xx_HAL_Driver/Src/stm32l0xx_hal_gpio.o
                                        0x456 (size before relaxing)
 .debug_str     0x000000000000185e      0x1d6 ./Drivers/STM32L0xx_HAL_Driver/Src/stm32l0xx_hal_rcc.o
                                        0x70c (size before relaxing)
 .debug_str     0x0000000000001a34      0x531 ./Drivers/STM32L0xx_HAL_Driver/Src/stm32l0xx_hal_spi.o
                                        0xb86 (size before relaxing)

.comment        0x0000000000000000       0x50
 .comment       0x0000000000000000       0x50 ./Core/Src/LoRa.o
                                         0x51 (size before relaxing)
 .comment       0x0000000000000050       0x51 ./Core/Src/main.o
 .comment       0x0000000000000050       0x51 ./Core/Src/stm32l0xx_hal_msp.o
 .comment       0x0000000000000050       0x51 ./Core/Src/stm32l0xx_it.o
 .comment       0x0000000000000050       0x51 ./Core/Src/system_stm32l0xx.o
 .comment       0x0000000000000050       0x51 ./Drivers/STM32L0xx_HAL_Driver/Src/stm32l0xx_hal.o
 .comment       0x0000000000000050       0x51 ./Drivers/STM32L0xx_HAL_Driver/Src/stm32l0xx_hal_cortex.o
 .comment       0x0000000000000050       0x51 ./Drivers/STM32L0xx_HAL_Driver/Src/stm32l0xx_hal_gpio.o
 .comment       0x0000000000000050       0x51 ./Drivers/STM32L0xx_HAL_Driver/Src/stm32l0xx_hal_rcc.o
 .comment       0x0000000000000050       0x51 ./Drivers/STM32L0xx_HAL_Driver/Src/stm32l0xx_hal_spi.o

.debug_frame    0x0000000000000000     0x15f8
 .debug_frame   0x0000000000000000      0x28c ./Core/Src/LoRa.o
 .debug_frame   0x000000000000028c       0xe4 ./Core/Src/main.o
 .debug_frame   0x0000000000000370       0x6c ./Core/Src/stm32l0xx_hal_msp.o
 .debug_frame   0x00000000000003dc       0x9c ./Core/Src/stm32l0xx_it.o
 .debug_frame   0x0000000000000478       0x4c ./Core/Src/system_stm32l0xx.o
 .debug_frame   0x00000000000004c4      0x394 ./Drivers/STM32L0xx_HAL_Driver/Src/stm32l0xx_hal.o
 .debug_frame   0x0000000000000858      0x2fc ./Drivers/STM32L0xx_HAL_Driver/Src/stm32l0xx_hal_cortex.o
 .debug_frame   0x0000000000000b54      0x110 ./Drivers/STM32L0xx_HAL_Driver/Src/stm32l0xx_hal_gpio.o
 .debug_frame   0x0000000000000c64      0x1a8 ./Drivers/STM32L0xx_HAL_Driver/Src/stm32l0xx_hal_rcc.o
 .debug_frame   0x0000000000000e0c      0x6f0 ./Drivers/STM32L0xx_HAL_Driver/Src/stm32l0xx_hal_spi.o
 .debug_frame   0x00000000000014fc       0x2c e:/stm32cubeide_1.10.1/stm32cubeide/plugins/com.st.stm32cube.ide.mcu.externaltools.gnu-tools-for-stm32.10.3-2021.10.win32_1.0.0.202111181127/tools/bin/../lib/gcc/arm-none-eabi/10.3.1/../../../../arm-none-eabi/lib/thumb/v6-m/nofp\libc_nano.a(lib_a-init.o)
 .debug_frame   0x0000000000001528       0x20 e:/stm32cubeide_1.10.1/stm32cubeide/plugins/com.st.stm32cube.ide.mcu.externaltools.gnu-tools-for-stm32.10.3-2021.10.win32_1.0.0.202111181127/tools/bin/../lib/gcc/arm-none-eabi/10.3.1/../../../../arm-none-eabi/lib/thumb/v6-m/nofp\libc_nano.a(lib_a-memset.o)
 .debug_frame   0x0000000000001548       0x20 e:/stm32cubeide_1.10.1/stm32cubeide/plugins/com.st.stm32cube.ide.mcu.externaltools.gnu-tools-for-stm32.10.3-2021.10.win32_1.0.0.202111181127/tools/bin/../lib/gcc/arm-none-eabi/10.3.1/thumb/v6-m/nofp\libgcc.a(_udivsi3.o)
 .debug_frame   0x0000000000001568       0x20 e:/stm32cubeide_1.10.1/stm32cubeide/plugins/com.st.stm32cube.ide.mcu.externaltools.gnu-tools-for-stm32.10.3-2021.10.win32_1.0.0.202111181127/tools/bin/../lib/gcc/arm-none-eabi/10.3.1/thumb/v6-m/nofp\libgcc.a(_divsi3.o)
 .debug_frame   0x0000000000001588       0x34 e:/stm32cubeide_1.10.1/stm32cubeide/plugins/com.st.stm32cube.ide.mcu.externaltools.gnu-tools-for-stm32.10.3-2021.10.win32_1.0.0.202111181127/tools/bin/../lib/gcc/arm-none-eabi/10.3.1/thumb/v6-m/nofp\libgcc.a(_muldi3.o)
 .debug_frame   0x00000000000015bc       0x3c e:/stm32cubeide_1.10.1/stm32cubeide/plugins/com.st.stm32cube.ide.mcu.externaltools.gnu-tools-for-stm32.10.3-2021.10.win32_1.0.0.202111181127/tools/bin/../lib/gcc/arm-none-eabi/10.3.1/thumb/v6-m/nofp\libgcc.a(_udivmoddi4.o)
